2020-05-19 09:58:41 DEBUG Test:33 - flag为'false',自旋结束
2020-05-19 09:58:56 DEBUG Test:33 - flag为'false',自旋结束
2020-05-19 09:59:30 DEBUG Test:33 - flag为'false',自旋结束
2020-05-19 10:00:04 DEBUG Test:33 - flag为'false',自旋结束
2020-05-19 10:00:04 DEBUG Test:41 - flag被更新为false
2020-05-19 10:01:23 DEBUG Test:41 - flag被更新为false
2020-05-19 10:02:27 DEBUG Test:41 - flag被更新为false
2020-05-19 10:02:49 DEBUG Test:41 - flag被更新为false
2020-05-19 10:03:21 DEBUG Test:33 - flag为'false',自旋结束
2020-05-19 10:03:21 DEBUG Test:41 - flag被更新为false
2020-05-19 10:05:07 DEBUG Test:41 - flag被更新为false
2020-05-19 10:05:07 DEBUG Test:33 - flag为'false',自旋结束
2020-05-19 10:06:09 DEBUG Test:33 - flag为'false',自旋结束
2020-05-19 10:06:09 DEBUG Test:41 - flag被更新为false
2020-05-19 10:09:06 DEBUG Test:41 - flag被更新为false
2020-05-19 10:09:06 DEBUG Test:33 - flag为'false',自旋结束
2020-05-19 10:11:24 DEBUG Test:41 - flag被更新为false
2020-05-19 10:11:24 DEBUG Test:33 - flag为'false',自旋结束
2020-05-19 10:14:03 DEBUG Test:33 - flag为'false',自旋结束
2020-05-19 10:14:03 DEBUG Test:41 - flag被更新为false
2020-05-19 10:19:22 DEBUG Test:41 - flag被更新为false
2020-05-19 10:19:22 DEBUG Test:33 - flag为'false',自旋结束
